// Jest Snapshot v1, https://goo.gl/fbAQLP

exports[`renders 1`] = `
<styled.div
  icon="10d"
/>
`;
